{
  "version": "1.5.0",
  "plugins_used": [
    {
      "name": "ArtifactoryDetector"
    },
    {
      "name": "AWSKeyDetector"
    },
    {
      "name": "AzureStorageKeyDetector"
    },
    {
      "name": "Base64HighEntropyString",
      "limit": 4.5
    },
    {
      "name": "BasicAuthDetector"
    },
    {
      "name": "CloudantDetector"
    },
    {
      "name": "DiscordBotTokenDetector"
    },
    {
      "name": "GitHubTokenDetector"
    },
    {
      "name": "GitLabTokenDetector"
    },
    {
      "name": "HexHighEntropyString",
      "limit": 3.0
    },
    {
      "name": "IbmCloudIamDetector"
    },
    {
      "name": "IbmCosHmacDetector"
    },
    {
      "name": "IPPublicDetector"
    },
    {
      "name": "JwtTokenDetector"
    },
    {
      "name": "KeywordDetector",
      "keyword_exclude": ""
    },
    {
      "name": "MailchimpDetector"
    },
    {
      "name": "NpmDetector"
    },
    {
      "name": "OpenAIDetector"
    },
    {
      "name": "PrivateKeyDetector"
    },
    {
      "name": "PypiTokenDetector"
    },
    {
      "name": "SendGridDetector"
    },
    {
      "name": "SlackDetector"
    },
    {
      "name": "SoftlayerDetector"
    },
    {
      "name": "SquareOAuthDetector"
    },
    {
      "name": "StripeDetector"
    },
    {
      "name": "TelegramBotTokenDetector"
    },
    {
      "name": "TwilioKeyDetector"
    }
  ],
  "filters_used": [
    {
      "path": "detect_secrets.filters.allowlist.is_line_allowlisted"
    },
    {
      "path": "detect_secrets.filters.common.is_ignored_due_to_verification_policies",
      "min_level": 2
    },
    {
      "path": "detect_secrets.filters.heuristic.is_indirect_reference"
    },
    {
      "path": "detect_secrets.filters.heuristic.is_likely_id_string"
    },
    {
      "path": "detect_secrets.filters.heuristic.is_lock_file"
    },
    {
      "path": "detect_secrets.filters.heuristic.is_not_alphanumeric_string"
    },
    {
      "path": "detect_secrets.filters.heuristic.is_potential_uuid"
    },
    {
      "path": "detect_secrets.filters.heuristic.is_prefixed_with_dollar_sign"
    },
    {
      "path": "detect_secrets.filters.heuristic.is_sequential_string"
    },
    {
      "path": "detect_secrets.filters.heuristic.is_swagger_file"
    },
    {
      "path": "detect_secrets.filters.heuristic.is_templated_secret"
    }
  ],
  "results": {
    "src/api/health.py": [
      {
        "type": "Basic Auth Credentials",
        "filename": "src/api/health.py",
        "hashed_secret": "afc848c316af1a89d49826c5ae9d00ed769415f3",
        "is_verified": false,
        "line_number": 132
      }
    ],
    "src/audit/models.py": [
      {
        "type": "Secret Keyword",
        "filename": "src/audit/models.py",
        "hashed_secret": "665b1e3851eefefa3fb878654292f16597d25155",
        "is_verified": false,
        "line_number": 18
      },
      {
        "type": "Secret Keyword",
        "filename": "src/audit/models.py",
        "hashed_secret": "94732424e16be827cd46aa294394ab3ce93b55f4",
        "is_verified": false,
        "line_number": 37
      },
      {
        "type": "Secret Keyword",
        "filename": "src/audit/models.py",
        "hashed_secret": "beda0c3294fb7f36ae04bc48c74ddd8c5a97b7e5",
        "is_verified": false,
        "line_number": 38
      },
      {
        "type": "Secret Keyword",
        "filename": "src/audit/models.py",
        "hashed_secret": "0440bc623701469cd19650a4a6d8c54b376449c3",
        "is_verified": false,
        "line_number": 39
      },
      {
        "type": "Secret Keyword",
        "filename": "src/audit/models.py",
        "hashed_secret": "4b4cee89b354b993a64e0134e457cddc540a1833",
        "is_verified": false,
        "line_number": 76
      },
      {
        "type": "Secret Keyword",
        "filename": "src/audit/models.py",
        "hashed_secret": "5227a37d3bf602e316b4ee2903749ace643ec023",
        "is_verified": false,
        "line_number": 77
      },
      {
        "type": "Secret Keyword",
        "filename": "src/audit/models.py",
        "hashed_secret": "91f9faccf0fa34a28f2d14c38e5d09b78a55819b",
        "is_verified": false,
        "line_number": 78
      },
      {
        "type": "Secret Keyword",
        "filename": "src/audit/models.py",
        "hashed_secret": "e6e95e8f237bacc73f0a8b38ec386e0394087783",
        "is_verified": false,
        "line_number": 79
      }
    ],
    "src/config.py": [
      {
        "type": "Basic Auth Credentials",
        "filename": "src/config.py",
        "hashed_secret": "afc848c316af1a89d49826c5ae9d00ed769415f3",
        "is_verified": false,
        "line_number": 193
      }
    ],
    "src/integrations/oauth_providers.py": [
      {
        "type": "Secret Keyword",
        "filename": "src/integrations/oauth_providers.py",
        "hashed_secret": "6ba67c2dd40d4e74b7e81acbad8275bc9dd8833f",
        "is_verified": false,
        "line_number": 27
      },
      {
        "type": "Secret Keyword",
        "filename": "src/integrations/oauth_providers.py",
        "hashed_secret": "5f894614428c7ab45b5a1843c93bd0d74b6d6f29",
        "is_verified": false,
        "line_number": 36
      },
      {
        "type": "Secret Keyword",
        "filename": "src/integrations/oauth_providers.py",
        "hashed_secret": "aaaedef8dacf9fc0486f2bdab4b0b2368ab4fd04",
        "is_verified": false,
        "line_number": 44
      },
      {
        "type": "Secret Keyword",
        "filename": "src/integrations/oauth_providers.py",
        "hashed_secret": "609516e4d1883b253cacda82c05cd3a7c8ddf24b",
        "is_verified": false,
        "line_number": 52
      },
      {
        "type": "Secret Keyword",
        "filename": "src/integrations/oauth_providers.py",
        "hashed_secret": "bd76e57b3f6ad6beec7dd086fabf22449acc9d29",
        "is_verified": false,
        "line_number": 61
      }
    ],
    "src/memory/config.py": [
      {
        "type": "Basic Auth Credentials",
        "filename": "src/memory/config.py",
        "hashed_secret": "afc848c316af1a89d49826c5ae9d00ed769415f3",
        "is_verified": false,
        "line_number": 21
      }
    ],
    "src/ratelimit/models.py": [
      {
        "type": "Secret Keyword",
        "filename": "src/ratelimit/models.py",
        "hashed_secret": "665b1e3851eefefa3fb878654292f16597d25155",
        "is_verified": false,
        "line_number": 14
      }
    ],
    "src/rbac/models.py": [
      {
        "type": "Secret Keyword",
        "filename": "src/rbac/models.py",
        "hashed_secret": "665b1e3851eefefa3fb878654292f16597d25155",
        "is_verified": false,
        "line_number": 32
      }
    ],
    "src/runbooks/indexer.py": [
      {
        "type": "Basic Auth Credentials",
        "filename": "src/runbooks/indexer.py",
        "hashed_secret": "ee977806d7286510da8b9a7492ba58e2484c0ecc",
        "is_verified": false,
        "line_number": 340
      }
    ],
    "src/web/templates/onboarding.html": [
      {
        "type": "AWS Access Key",
        "filename": "src/web/templates/onboarding.html",
        "hashed_secret": "47372a7b27569d25063df5cbbf7606f615a8ec2a",
        "is_verified": false,
        "line_number": 169
      }
    ],
    "tests/conftest.py": [
      {
        "type": "Secret Keyword",
        "filename": "tests/conftest.py",
        "hashed_secret": "0f571d219c67e6f14301f4e8bbad246f42493b25",
        "is_verified": false,
        "line_number": 90
      },
      {
        "type": "Secret Keyword",
        "filename": "tests/conftest.py",
        "hashed_secret": "6d668ae67428b1232c536f2c9954fb2d2f77875c",
        "is_verified": false,
        "line_number": 91
      },
      {
        "type": "Secret Keyword",
        "filename": "tests/conftest.py",
        "hashed_secret": "a288513f2a30d39a5123d8cdc53914d71db049b6",
        "is_verified": false,
        "line_number": 96
      }
    ],
    "tests/integration/test_onboarding_api.py": [
      {
        "type": "Secret Keyword",
        "filename": "tests/integration/test_onboarding_api.py",
        "hashed_secret": "560ebfd8afe945af72b7dfac3b0843aeff2d540f",
        "is_verified": false,
        "line_number": 356
      }
    ],
    "tests/test_auth_service.py": [
      {
        "type": "Secret Keyword",
        "filename": "tests/test_auth_service.py",
        "hashed_secret": "e9efe2aea5ad46614d39e809e89207fa6f915ffe",
        "is_verified": false,
        "line_number": 70
      }
    ],
    "tests/test_email.py": [
      {
        "type": "Secret Keyword",
        "filename": "tests/test_email.py",
        "hashed_secret": "9d4e1e23bd5b727046a9e3b4b7db57bd8d6ee684",
        "is_verified": false,
        "line_number": 52
      },
      {
        "type": "Secret Keyword",
        "filename": "tests/test_email.py",
        "hashed_secret": "e5e9fa1ba31ecd1ae84f75caaa474f3a663f05f4",
        "is_verified": false,
        "line_number": 90
      }
    ],
    "tests/test_gitlab.py": [
      {
        "type": "Hex High Entropy String",
        "filename": "tests/test_gitlab.py",
        "hashed_secret": "90bd1b48e958257948487b90bee080ba5ed00caa",
        "is_verified": false,
        "line_number": 112
      },
      {
        "type": "Hex High Entropy String",
        "filename": "tests/test_gitlab.py",
        "hashed_secret": "267e8028aee7bd18ee973796939199d23f94325e",
        "is_verified": false,
        "line_number": 119
      }
    ],
    "tests/test_incident_context_api.py": [
      {
        "type": "Hex High Entropy String",
        "filename": "tests/test_incident_context_api.py",
        "hashed_secret": "84331946e55ba6fb22e85447668cc6f14a63dbd0",
        "is_verified": false,
        "line_number": 265
      }
    ],
    "tests/test_incident_memory.py": [
      {
        "type": "Basic Auth Credentials",
        "filename": "tests/test_incident_memory.py",
        "hashed_secret": "a94a8fe5ccb19ba61c4c0873d391e987982fbbd3",
        "is_verified": false,
        "line_number": 19
      },
      {
        "type": "Hex High Entropy String",
        "filename": "tests/test_incident_memory.py",
        "hashed_secret": "b4c9248600a42f8c38c01b632f392dbcb4c7b19a",
        "is_verified": false,
        "line_number": 39
      },
      {
        "type": "Secret Keyword",
        "filename": "tests/test_incident_memory.py",
        "hashed_secret": "0e3fcc585d623e44a2ae9e46ca5a7ac2082f70f7",
        "is_verified": false,
        "line_number": 148
      },
      {
        "type": "Secret Keyword",
        "filename": "tests/test_incident_memory.py",
        "hashed_secret": "7248de8e23c20057e869b9df854dd57494a7d96c",
        "is_verified": false,
        "line_number": 149
      }
    ],
    "tests/test_incident_memory_phase4.py": [
      {
        "type": "Basic Auth Credentials",
        "filename": "tests/test_incident_memory_phase4.py",
        "hashed_secret": "a94a8fe5ccb19ba61c4c0873d391e987982fbbd3",
        "is_verified": false,
        "line_number": 45
      },
      {
        "type": "Secret Keyword",
        "filename": "tests/test_incident_memory_phase4.py",
        "hashed_secret": "e5e9fa1ba31ecd1ae84f75caaa474f3a663f05f4",
        "is_verified": false,
        "line_number": 128
      }
    ],
    "tests/test_integration_pipeline.py": [
      {
        "type": "Secret Keyword",
        "filename": "tests/test_integration_pipeline.py",
        "hashed_secret": "fe1bae27cb7c1fb823f496f286e78f1d2ae87734",
        "is_verified": false,
        "line_number": 63
      }
    ],
    "tests/test_linear.py": [
      {
        "type": "Secret Keyword",
        "filename": "tests/test_linear.py",
        "hashed_secret": "537a21d3fa0fdff2e760588b965e612864727d73",
        "is_verified": false,
        "line_number": 24
      },
      {
        "type": "Secret Keyword",
        "filename": "tests/test_linear.py",
        "hashed_secret": "3acfb2c2b433c0ea7ff107e33df91b18e52f960f",
        "is_verified": false,
        "line_number": 287
      }
    ],
    "tests/test_loki.py": [
      {
        "type": "Secret Keyword",
        "filename": "tests/test_loki.py",
        "hashed_secret": "15972f1e7750736ee15e3d949de8205a7d886b6b",
        "is_verified": false,
        "line_number": 51
      }
    ],
    "tests/test_metrics.py": [
      {
        "type": "Hex High Entropy String",
        "filename": "tests/test_metrics.py",
        "hashed_secret": "90bd1b48e958257948487b90bee080ba5ed00caa",
        "is_verified": false,
        "line_number": 177
      }
    ],
    "tests/test_onboarding_gaps.py": [
      {
        "type": "Secret Keyword",
        "filename": "tests/test_onboarding_gaps.py",
        "hashed_secret": "aafdc23870ecbcd3d557b6423a8982134e17927e",
        "is_verified": false,
        "line_number": 129
      }
    ],
    "tests/test_oncall.py": [
      {
        "type": "Secret Keyword",
        "filename": "tests/test_oncall.py",
        "hashed_secret": "f0e4e94cf2d0a3c917c241a2e8ef47a3e37dd26c",
        "is_verified": false,
        "line_number": 20
      },
      {
        "type": "Secret Keyword",
        "filename": "tests/test_oncall.py",
        "hashed_secret": "32d6ced92b87f216c17e695026d950852c176cf6",
        "is_verified": false,
        "line_number": 32
      },
      {
        "type": "Secret Keyword",
        "filename": "tests/test_oncall.py",
        "hashed_secret": "f9ddb1e0c3d7fffee80d5ce3bd7bcabd5399fd6d",
        "is_verified": false,
        "line_number": 71
      },
      {
        "type": "Secret Keyword",
        "filename": "tests/test_oncall.py",
        "hashed_secret": "119436d77ff86b7c58dbdb88b0abf4d78c81fd2b",
        "is_verified": false,
        "line_number": 72
      }
    ],
    "tests/test_opsgenie.py": [
      {
        "type": "Secret Keyword",
        "filename": "tests/test_opsgenie.py",
        "hashed_secret": "2e7a7ee14caebf378fc32d6cf6f557f347c96773",
        "is_verified": false,
        "line_number": 16
      },
      {
        "type": "Secret Keyword",
        "filename": "tests/test_opsgenie.py",
        "hashed_secret": "fe1bae27cb7c1fb823f496f286e78f1d2ae87734",
        "is_verified": false,
        "line_number": 17
      }
    ],
    "tests/test_pagerduty.py": [
      {
        "type": "Secret Keyword",
        "filename": "tests/test_pagerduty.py",
        "hashed_secret": "fe1bae27cb7c1fb823f496f286e78f1d2ae87734",
        "is_verified": false,
        "line_number": 12
      }
    ],
    "tests/test_plugins.py": [
      {
        "type": "Secret Keyword",
        "filename": "tests/test_plugins.py",
        "hashed_secret": "a94a8fe5ccb19ba61c4c0873d391e987982fbbd3",
        "is_verified": false,
        "line_number": 233
      }
    ],
    "tests/test_postmortem.py": [
      {
        "type": "Hex High Entropy String",
        "filename": "tests/test_postmortem.py",
        "hashed_secret": "90bd1b48e958257948487b90bee080ba5ed00caa",
        "is_verified": false,
        "line_number": 64
      },
      {
        "type": "Hex High Entropy String",
        "filename": "tests/test_postmortem.py",
        "hashed_secret": "267e8028aee7bd18ee973796939199d23f94325e",
        "is_verified": false,
        "line_number": 74
      },
      {
        "type": "Secret Keyword",
        "filename": "tests/test_postmortem.py",
        "hashed_secret": "2e7a7ee14caebf378fc32d6cf6f557f347c96773",
        "is_verified": false,
        "line_number": 251
      }
    ],
    "tests/test_service_catalog.py": [
      {
        "type": "Secret Keyword",
        "filename": "tests/test_service_catalog.py",
        "hashed_secret": "818ecf749bd2659303a54897f6d0c1019021793c",
        "is_verified": false,
        "line_number": 201
      },
      {
        "type": "Secret Keyword",
        "filename": "tests/test_service_catalog.py",
        "hashed_secret": "3d3abfaadbe48ab336e5f91a16868fe1dcc182f6",
        "is_verified": false,
        "line_number": 262
      },
      {
        "type": "Secret Keyword",
        "filename": "tests/test_service_catalog.py",
        "hashed_secret": "7253b8782ad49a12ae638449282b7f4da80e5d30",
        "is_verified": false,
        "line_number": 272
      }
    ],
    "tests/test_servicenow.py": [
      {
        "type": "Secret Keyword",
        "filename": "tests/test_servicenow.py",
        "hashed_secret": "5baa61e4c9b93f3f0682250b6cf8331b7ee68fd8",
        "is_verified": false,
        "line_number": 22
      },
      {
        "type": "Secret Keyword",
        "filename": "tests/test_servicenow.py",
        "hashed_secret": "2e7a7ee14caebf378fc32d6cf6f557f347c96773",
        "is_verified": false,
        "line_number": 51
      }
    ],
    "tests/test_similarity.py": [
      {
        "type": "Secret Keyword",
        "filename": "tests/test_similarity.py",
        "hashed_secret": "3acfb2c2b433c0ea7ff107e33df91b18e52f960f",
        "is_verified": false,
        "line_number": 28
      }
    ],
    "tests/test_slack_commands.py": [
      {
        "type": "Secret Keyword",
        "filename": "tests/test_slack_commands.py",
        "hashed_secret": "72cb70dbbafe97e5ea13ad88acd65d08389439b0",
        "is_verified": false,
        "line_number": 49
      }
    ],
    "tests/test_splunk.py": [
      {
        "type": "Secret Keyword",
        "filename": "tests/test_splunk.py",
        "hashed_secret": "cbfdac6008f9cab4083784cbd1874f76618d2a97",
        "is_verified": false,
        "line_number": 44
      }
    ],
    "tests/test_sso.py": [
      {
        "type": "Secret Keyword",
        "filename": "tests/test_sso.py",
        "hashed_secret": "089f2d7c3e3bc715036946840246d11af28635ff",
        "is_verified": false,
        "line_number": 190
      },
      {
        "type": "Secret Keyword",
        "filename": "tests/test_sso.py",
        "hashed_secret": "fe1bae27cb7c1fb823f496f286e78f1d2ae87734",
        "is_verified": false,
        "line_number": 286
      }
    ],
    "tests/test_tagging.py": [
      {
        "type": "Secret Keyword",
        "filename": "tests/test_tagging.py",
        "hashed_secret": "2e7a7ee14caebf378fc32d6cf6f557f347c96773",
        "is_verified": false,
        "line_number": 36
      }
    ],
    "tests/test_teams.py": [
      {
        "type": "Hex High Entropy String",
        "filename": "tests/test_teams.py",
        "hashed_secret": "84331946e55ba6fb22e85447668cc6f14a63dbd0",
        "is_verified": false,
        "line_number": 52
      },
      {
        "type": "Hex High Entropy String",
        "filename": "tests/test_teams.py",
        "hashed_secret": "63b945137b27037a90e141994fda6b0a11b5ce5f",
        "is_verified": false,
        "line_number": 60
      }
    ],
    "tests/test_teams_adapter.py": [
      {
        "type": "Secret Keyword",
        "filename": "tests/test_teams_adapter.py",
        "hashed_secret": "5c5a15a8b0b3e154d77746945e563ba40100681b",
        "is_verified": false,
        "line_number": 95
      },
      {
        "type": "Secret Keyword",
        "filename": "tests/test_teams_adapter.py",
        "hashed_secret": "e6dbc31dd1db7a3197c7b3c5cef52af60e4936d3",
        "is_verified": false,
        "line_number": 301
      }
    ],
    "tests/test_verdict.py": [
      {
        "type": "Secret Keyword",
        "filename": "tests/test_verdict.py",
        "hashed_secret": "3acfb2c2b433c0ea7ff107e33df91b18e52f960f",
        "is_verified": false,
        "line_number": 15
      },
      {
        "type": "Hex High Entropy String",
        "filename": "tests/test_verdict.py",
        "hashed_secret": "90bd1b48e958257948487b90bee080ba5ed00caa",
        "is_verified": false,
        "line_number": 27
      }
    ]
  },
  "generated_at": "2026-05-31T19:01:01Z"
}
